// Jest Snapshot v1, https://goo.gl/fbAQLP

exports[`Home screen renders 1`] = `null`;
